import utime0xd
I (544) cpu_start: Starting app cpu, entry point is 0x400830140x1b[0m0xd
0x1b[0;32mI (0) cpu_start: App cpu up.0x1b[0m0xd
0x1b[0;32mI (554) heap_init: Initializing. RAM available for dynamic allocation:0x1b[0m0xd
0x1b[0;32mI (561) heap_init: At 3FFAFF10 len 000000F0 (0 KiB): DRAM0x1b[0m0xd
0x1b[0;32mI (567) heap_init: At 3FFB6388 len 00001C78 (7 KiB): DRAM0x1b[0m0xd
0x1b[0;32mI (573) heap_init: At 3FFB9A20 len 00004108 (16 KiB): DRAM0x1b[0m0xd
0x1b[0;32mI (579) heap_init: At 3FFBDB5C len 00000004 (0 KiB): DRAM0x1b[0m0xd
0x1b[0;32mI (585) heap_init: At 3FFCC8A0 len 00013760 (77 KiB): DRAM0x1b[0m0xd
0x1b[0;32mI (591) heap_init: At 3FFE0440 len 00003AE0 (14 KiB): D/IRAM0x1b[0m0xd
0x1b[0;32mI (598) heap_init: At 3FFE4350 len 0001BCB0 (111 KiB): D/IRAM0x1b[0m0xd
0x1b[0;32mI (604) heap_init: At 40099FB8 len 00006048 (24 KiB): IRAM0x1b[0m0xd
0x1b[0;32mI (610) cpu_start: Pro cpu start user code0x1b[0m0xd
0x1b[0;32mI (629) spi_flash: detected chip: generic0x1b[0m0xd
0x1b[0;32mI (629) spi_flash: flash io: dio0x1b[0m0xd
0x1b[0;32mI (630) cpu_start: Chip Revision: 10x1b[0m0xd
0x1b[0;33mW (631) cpu_start: Chip revision is higher than the one configured in menuconfig. Suggest to upgrade it.0x1b[0m0xd
0x1b[0;32mI (642) cpu_start: Starting scheduler on PRO CPU.0x1b[0m0xd
0x1b[0;32mI (0) cpu_start: Starting scheduler on APP CPU.0x1b[0m0xd
MicroPython v1.12 on 2019-12-20; ESP32 module with ESP320xd
Type "help()" for more information.0xd
>>> utime.sleep(5)0xd
utime.sleep(5)0xd
Traceback (most recent call last):0xd
  File "<stdin>", line 1, in <module>0xd
NameError: name 'utime' isn't defined0xd
>>> print('1')0xd
print('1')0xd
10xd
>>> print('2')0xd
print('2')0xd
20xd
>>> print('3')0xd
print('3')0xd
30xd
>>> print('4')0xd
print('4')0xd
40xd
>>> print('5')0xd
print('5')0xd
50xd
>>> print('6')0xd
print('6')0xd
60xd
>>> print('7')0xd
print('7')0xd
70xd
>>> print('8')0xd
print('8')0xd
80xd
>>> print('10')0xd
print('10')0xd
100xd
>>> print('11')0xd
print('11')0xd
110xd
>>> print('12')0xd
print('12')0xd
120xd
>>> print('13')0xd
print('13')0xd
130xd
>>> print('14')0xd
print('14')0xd
140xd
>>> print('15')0xd
print('15')0xd
150xd
>>> print('16')0xd
print('16')0xd
160xd
>>> print('17')0xd
print('17')0xd
170xd
>>> print('18')0xd
print('18')0xd
180xd
>>> print('19')0xd
print('19')0xd
190xd
>>> print('20')0xd
print('20')0xd
200xd
>>> print('21')0xd
print('21')0xd
210xd
>>> print('22')0xd
print('22')0xd
220xd
>>> print('23')0xd
print('23')0xd
230xd
>>> print('24')0xd
print('24')0xd
240xd
>>> print('25')0xd
print('25')0xd
250xd
>>> print('26')0xd
print('26')0xd
260xd
>>> print('27')0xd
print('27')0xd
270xd
>>> print('28')0xd
print('28')0xd
280xd
>>> print('29')0xd
print('29')0xd
290xd
>>> print('30')0xd
print('30')0xd
300xd
>>> print('31')0xd
print('31')0xd
310xd
>>> print('32')0xd
print('32')0xd
320xd
>>> print('33')0xd
print('33')0xd
330xd
>>> print('34')0xd
print('34')0xd
340xd
>>> print('35')0xd
print('35')0xd
350xd
>>> print('36')0xd
print('36')0xd
360xd
>>> print('37')0xd
print('37')0xd
370xd
>>> print('38')0xd
print('38')0xd
380xd
>>> print('39')0xd
print('39')0xd
390xd
>>> print('40')0xd
print('40')0xd
400xd
>>> print('41')0xd
print('41')0xd
410xd
>>> print('42')0xd
print('42')0xd
420xd
>>> print('43')0xd
print('43')0xd
430xd
>>> print('44')0xd
print('44')0xd
440xd
>>> print('45')0xd
print('45')0xd
450xd
>>> print('46')0xd
print('46')0xd
460xd
>>> print('47')0xd
print('47')0xd
470xd
>>> print('48')0xd
print('48')0xd
480xd
>>> print('49')0xd
print('49')0xd
490xd
>>> print('50')0xd
print('50')0xd
500xd
>>> 